// Jest Snapshot v1, https://goo.gl/fbAQLP

exports[`component renders 1`] = `
<input
  className="add-student"
  name="btn1"
  onClick={[MockFunction]}
  type="button"
  value="click here"
/>
`;
